### sampleOccurrencePosterior: dataSampleOccurrencePosterior.py --mission-parameters /workspace/yields/modelCoronagraph/missionParameters.json --eta-law brysonMixture --bryson-digitised /workspace/yields/CompareModelVariants/reference/brysonFigure13EtaEarthDigitised.json --out-samples /workspace/yields/CompareModelVariants/variants/brysonMixtureEta/occurrencePosterior.npz --out-summary /workspace/yields/CompareModelVariants/variants/brysonMixtureEta/occurrencePosteriorSummary.json
{
  "sEtaNormalisation": "Canonical-box eta sampled directly from the published posterior (uniform mixture of the two digitized Bryson 2021 cases, rescaled to the published mean 0.26); other boxes follow by the Gamma-independent ratio from the shape chain.",
  "sEtaLaw": "brysonMixture",
  "fEtaIntervalZ": 1.0,
  "fEtaLogNormalMu": -1.7242822277451393,
  "fEtaLogNormalSigma": 0.9244919582519654,
  "fEtaModeImplied": 0.07852534274467808,
  "fEtaMeanImplied": 0.26,
  "iSamples": 14400,
  "fAcceptanceFraction": 0.6439531249999999,
  "fMaxAutocorrSteps": 39.39698868380835,
  "dictParameters": {
    "lnGamma": {
      "fMedian": -1.1722857690634654,
      "fP16": -1.8276664844149035,
      "fP84": -0.5963322543737133,
      "fMean": -1.222710939569385
    },
    "alpha": {
      "fMedian": -0.19264994096910254,
      "fP16": -0.4579141528722371,
      "fP84": 0.07820103742538238,
      "fMean": -0.19128832338469162
    },
    "beta": {
      "fMedian": 0.24722153534212143,
      "fP16": -0.03836065872468424,
      "fP84": 0.535793923171501,
      "fMean": 0.24921778189914817
    }
  },
  "dictEtaByBox": {
    "canonical": {
      "fMedian": 0.18410258761456094,
      "fP16": 0.07778630516608784,
      "fP84": 0.4271778077021095,
      "fMean": 0.26
    },
    "redefined": {
      "fMedian": 0.037733425717943095,
      "fP16": 0.015781204876251086,
      "fP84": 0.08694440267843008,
      "fMean": 0.053136151557322056
    },
    "hzOnly": {
      "fMedian": 0.05961965386410055,
      "fP16": 0.024899100215468612,
      "fP84": 0.13741116839415934,
      "fMean": 0.0840387304369966
    }
  },
  "dictRatioRedefinedOverCanonical": {
    "fMedian": 0.20419311247330102,
    "fP16": 0.18787613196342662,
    "fP84": 0.22104178231602994,
    "fMean": 0.20439239801265185
  }
}
### predictRedefinedYield: dataPredictRedefinedYield.py --completeness /workspace/yields/computeCompleteness/completeness.npz --occurrence-posterior /workspace/yields/CompareModelVariants/variants/brysonMixtureEta/occurrencePosterior.npz --mission-parameters /workspace/yields/modelCoronagraph/missionParameters.json --calibration-json /workspace/yields/calibrateToStark/calibration.json --processes 2 --out-prediction /workspace/yields/CompareModelVariants/variants/brysonMixtureEta/yieldPrediction.json --out-samples /workspace/yields/CompareModelVariants/variants/brysonMixtureEta/yieldSamples.npz
{
  "dictYieldRatio": {
    "fMedian": 0.2278998595124308,
    "fP16": 0.20698195777440853,
    "fP84": 0.25363035182138705,
    "fOccurrenceRatioMedian": 0.20419311247330102
  },
  "dictByBox": {
    "canonical": {
      "fMeanExpected": 17.779050820454326,
      "fMedianExpected": 13.903311210572738,
      "fP16Expected": 5.993900411569174,
      "fP84Expected": 29.655859750980543,
      "fP05Expected": 3.2790539751314665,
      "fP95Expected": 47.096380791209754,
      "fProbabilityAtLeastGoal": 0.2361111111111111,
      "fProbabilityAtLeastOne": 0.9850694444444444
    },
    "redefined": {
      "fMeanExpected": 4.3360247845892115,
      "fMedianExpected": 3.110674397173941,
      "fP16Expected": 1.3051659958969744,
      "fP84Expected": 7.124796593313128,
      "fP05Expected": 0.7025194839474146,
      "fP95Expected": 12.540909162156597,
      "fProbabilityAtLeastGoal": 0.005694444444444445,
      "fProbabilityAtLeastOne": 0.8797916666666666
    }
  }
}
