### computeCompleteness: dataComputeCompleteness.py --target-catalog /workspace/yields/buildTargetCatalog/targetCatalog.csv --mission-parameters /workspace/yields/explorations/output/oneVariableExperiments/albedoPerVisit/missionParameters.json --calibration-json /workspace/yields/calibrateToStark/calibration.json --out-completeness /workspace/yields/explorations/output/oneVariableExperiments/albedoPerVisit/completeness.npz --out-summary /workspace/yields/explorations/output/oneVariableExperiments/albedoPerVisit/completenessSummary.json
{
  "iStarsScreened": 1500,
  "iNumPlanetsPerStar": 3000,
  "fThroughputCalibration": 1.0,
  "dictByBox": {
    "canonical": {
      "fMaxCompletenessBest": 1.0,
      "fSummedMaxCompleteness": 95.92333333333333,
      "iStarsWithAnyCompleteness": 205,
      "iStarsWithAnyCompletenessAtZeroZodi": 235,
      "fMedianTauCharDays": 29.604638310185184
    },
    "redefined": {
      "fMaxCompletenessBest": 1.0,
      "fSummedMaxCompleteness": 98.88866666666667,
      "iStarsWithAnyCompleteness": 161,
      "iStarsWithAnyCompletenessAtZeroZodi": 188,
      "fMedianTauCharDays": 28.73560185185185
    },
    "hzOnly": {
      "fMaxCompletenessBest": 1.0,
      "fSummedMaxCompleteness": 110.17000000000002,
      "iStarsWithAnyCompleteness": 201,
      "iStarsWithAnyCompletenessAtZeroZodi": 201,
      "fMedianTauCharDays": 29.44152488425926
    }
  },
  "iExozodiDraws": 200,
  "fMedianDrawnZodi": 2.9954122602133157,
  "fFractionDrawnAbove100Zodi": 0.21446666666666667
}
### optimizeSurvey: dataOptimizeSurvey.py --completeness /workspace/yields/explorations/output/oneVariableExperiments/albedoPerVisit/completeness.npz --mission-parameters /workspace/yields/explorations/output/oneVariableExperiments/albedoPerVisit/missionParameters.json --calibration-json /workspace/yields/calibrateToStark/calibration.json --box canonical --processes 2 --out-survey /workspace/yields/explorations/output/oneVariableExperiments/albedoPerVisit/surveyResult.json
{
  "sBox": "canonical",
  "iStarsAvailable": 1500,
  "fThroughputCalibration": 1.0,
  "fEtaEarthBaseline": 0.24,
  "iExozodiDraws": 200,
  "sBaselineNote": "fYieldBaseline and fYieldPlanningBaseline are means over the exozodi draws (albedo-drawn and planning albedo respectively); the fixed-exozodi survey is reported separately.",
  "fYieldPlanningFixedExozodi": 20.944399999999998,
  "fYieldFixedExozodi": 20.171839999999996,
  "iStarsUsedFixedExozodi": 174,
  "fYieldBaseline": 17.75192813789333,
  "fYieldPlanningBaseline": 18.39534067118465,
  "iStarsUsedBaseline": 155,
  "fTimeUsedFractionBaseline": 0.9999011341868527,
  "listEtaScan": [
    {
      "fEtaEarth": 0.02,
      "fYield": 1.549247243459409,
      "fYieldPlanning": 1.5955411252679021,
      "fStarsUsed": 169.335
    },
    {
      "fEtaEarth": 0.06,
      "fYield": 4.618879935700001,
      "fYieldPlanning": 4.767551847203875,
      "fStarsUsed": 167.68
    },
    {
      "fEtaEarth": 0.12,
      "fYield": 9.137654037685433,
      "fYieldPlanning": 9.456594221744085,
      "fStarsUsed": 164.57
    },
    {
      "fEtaEarth": 0.24,
      "fYield": 17.75192813789333,
      "fYieldPlanning": 18.39534067118465,
      "fStarsUsed": 155.285
    },
    {
      "fEtaEarth": 0.4,
      "fYield": 28.01707009834881,
      "fYieldPlanning": 28.866806925928195,
      "fStarsUsed": 138.87
    },
    {
      "fEtaEarth": 0.6,
      "fYield": 39.04748018190169,
      "fYieldPlanning": 39.665734482461296,
      "fStarsUsed": 118.975
    }
  ]
}
{
  "fYieldPlanningDrawnMean": 18.39534067118465,
  "fYieldPlanningDrawnStd": 0.5847247961536176,
  "fYieldDrawnMean": 17.75192813789333,
  "fYieldDrawnStd": 0.5702519900743814,
  "fStarsUsedDrawnMean": 155.285,
  "fExozodiPenalty": 0.12170600870950465,
  "fAlbedoPenalty": 0.03497692947318942,
  "iRepresentativeDraw": 14
}
### predictRedefinedYield: dataPredictRedefinedYield.py --completeness /workspace/yields/explorations/output/oneVariableExperiments/albedoPerVisit/completeness.npz --occurrence-posterior /workspace/yields/sampleOccurrencePosterior/occurrencePosterior.npz --mission-parameters /workspace/yields/explorations/output/oneVariableExperiments/albedoPerVisit/missionParameters.json --calibration-json /workspace/yields/calibrateToStark/calibration.json --processes 2 --out-prediction /workspace/yields/explorations/output/oneVariableExperiments/albedoPerVisit/yieldPrediction.json --out-samples /workspace/yields/explorations/output/oneVariableExperiments/albedoPerVisit/yieldSamples.npz
{
  "dictYieldRatio": {
    "fMedian": 0.23162395278149955,
    "fP16": 0.21014137363025348,
    "fP84": 0.2590551508383536,
    "fOccurrenceRatioMedian": 0.20419311247330102
  },
  "dictByBox": {
    "canonical": {
      "fMeanExpected": 22.514036505723602,
      "fMedianExpected": 18.826355868753545,
      "fP16Expected": 9.245450680426833,
      "fP84Expected": 35.875671748234126,
      "fP05Expected": 5.572200442044692,
      "fP95Expected": 53.49396414196612,
      "fProbabilityAtLeastGoal": 0.35,
      "fProbabilityAtLeastOne": 0.9982638888888888
    },
    "redefined": {
      "fMeanExpected": 5.656416653601812,
      "fMedianExpected": 4.274201697887145,
      "fP16Expected": 2.028699288048014,
      "fP84Expected": 8.995735790122147,
      "fP05Expected": 1.208218226278505,
      "fP95Expected": 14.809243287996901,
      "fProbabilityAtLeastGoal": 0.011944444444444445,
      "fProbabilityAtLeastOne": 0.935625
    }
  }
}
