### sampleOccurrencePosterior: dataSampleOccurrencePosterior.py --mission-parameters /workspace/yields/modelCoronagraph/missionParameters.json --eta-interval-z 1.4758 --out-samples /workspace/yields/CompareModelVariants/variants/etaInterval86/occurrencePosterior.npz --out-summary /workspace/yields/CompareModelVariants/variants/etaInterval86/occurrencePosteriorSummary.json
{
  "sEtaNormalisation": "Canonical-box eta sampled directly from the published posterior (lognormal matched to its quoted interval read at z = 1.4758); other boxes follow by the Gamma-independent ratio from the shape chain.",
  "sEtaLaw": "lognormal",
  "fEtaIntervalZ": 1.4758,
  "fEtaLogNormalMu": -1.3590502684778558,
  "fEtaLogNormalSigma": 0.515797037350749,
  "fEtaModeImplied": 0.19689260479528684,
  "fEtaMeanImplied": 0.29345617289420467,
  "iSamples": 14400,
  "fAcceptanceFraction": 0.6436458333333333,
  "fMaxAutocorrSteps": 36.78834226559994,
  "dictParameters": {
    "lnGamma": {
      "fMedian": -1.0825710075946717,
      "fP16": -1.5477366092870628,
      "fP84": -0.6174287800427471,
      "fMean": -1.1011247199042877
    },
    "alpha": {
      "fMedian": -0.18713925478410204,
      "fP16": -0.4531544355716044,
      "fP84": 0.07744334688823788,
      "fMean": -0.18833296309052205
    },
    "beta": {
      "fMedian": 0.26275076563120436,
      "fP16": -0.027259323295514375,
      "fP84": 0.5541729491124299,
      "fMean": 0.2645734248645533
    }
  },
  "dictEtaByBox": {
    "canonical": {
      "fMedian": 0.25564927679342464,
      "fP16": 0.1546954211986281,
      "fP84": 0.42366728897676537,
      "fMean": 0.29192855598325096
    },
    "redefined": {
      "fMedian": 0.05197086281326746,
      "fP16": 0.031234452058130982,
      "fP84": 0.08647535966938152,
      "fMean": 0.059407152670311415
    },
    "hzOnly": {
      "fMedian": 0.08219555489701415,
      "fP16": 0.04945394011702464,
      "fP84": 0.1364062570920089,
      "fMean": 0.09398755666694696
    }
  },
  "dictRatioRedefinedOverCanonical": {
    "fMedian": 0.20334323541972582,
    "fP16": 0.18681361673777727,
    "fP84": 0.2204945874828882,
    "fMean": 0.20352045278060632
  }
}
### predictRedefinedYield: dataPredictRedefinedYield.py --completeness /workspace/yields/computeCompleteness/completeness.npz --occurrence-posterior /workspace/yields/CompareModelVariants/variants/etaInterval86/occurrencePosterior.npz --mission-parameters /workspace/yields/modelCoronagraph/missionParameters.json --calibration-json /workspace/yields/calibrateToStark/calibration.json --processes 2 --out-prediction /workspace/yields/CompareModelVariants/variants/etaInterval86/yieldPrediction.json --out-samples /workspace/yields/CompareModelVariants/variants/etaInterval86/yieldSamples.npz
{
  "dictYieldRatio": {
    "fMedian": 0.2292498259736025,
    "fP16": 0.2087812523337771,
    "fP84": 0.25201760639954873,
    "fOccurrenceRatioMedian": 0.20334323541972582
  },
  "dictByBox": {
    "canonical": {
      "fMeanExpected": 20.662252461646894,
      "fMedianExpected": 18.84538389928987,
      "fP16Expected": 11.657242228103367,
      "fP84Expected": 29.455263395081918,
      "fP05Expected": 8.303559349771072,
      "fP95Expected": 38.83424749769459,
      "fProbabilityAtLeastGoal": 0.2986111111111111,
      "fProbabilityAtLeastOne": 0.9999305555555555
    },
    "redefined": {
      "fMeanExpected": 4.873313139002176,
      "fMedianExpected": 4.260705670321806,
      "fP16Expected": 2.5713585599459727,
      "fP84Expected": 7.077540792944991,
      "fP05Expected": 1.8061748795270525,
      "fP95Expected": 9.965146086742758,
      "fProbabilityAtLeastGoal": 0.0005555555555555556,
      "fProbabilityAtLeastOne": 0.9597916666666667
    }
  }
}
