### computeCompleteness: dataComputeCompleteness.py --target-catalog /workspace/yields/buildTargetCatalog/targetCatalog.csv --mission-parameters /workspace/yields/CompareModelVariants/variants/skyThroughputConstant/missionParameters.json --calibration-json /workspace/yields/calibrateToStark/calibration.json --out-completeness /workspace/yields/CompareModelVariants/variants/skyThroughputConstant/completeness.npz --out-summary /workspace/yields/CompareModelVariants/variants/skyThroughputConstant/completenessSummary.json
{
  "iStarsScreened": 1500,
  "iNumPlanetsPerStar": 3000,
  "fThroughputCalibration": 1.0,
  "dictByBox": {
    "canonical": {
      "fMaxCompletenessBest": 1.0,
      "fSummedMaxCompleteness": 72.81266666666667,
      "iStarsWithAnyCompleteness": 162,
      "iStarsWithAnyCompletenessAtZeroZodi": 228,
      "fMedianTauCharDays": 29.793674768518517
    },
    "redefined": {
      "fMaxCompletenessBest": 1.0,
      "fSummedMaxCompleteness": 75.46466666666666,
      "iStarsWithAnyCompleteness": 109,
      "iStarsWithAnyCompletenessAtZeroZodi": 177,
      "fMedianTauCharDays": 22.034989872685184
    },
    "hzOnly": {
      "fMaxCompletenessBest": 1.0,
      "fSummedMaxCompleteness": 83.29433333333333,
      "iStarsWithAnyCompleteness": 157,
      "iStarsWithAnyCompletenessAtZeroZodi": 157,
      "fMedianTauCharDays": 28.933938078703704
    }
  },
  "iExozodiDraws": 200,
  "fMedianDrawnZodi": 2.9954122602133157,
  "fFractionDrawnAbove100Zodi": 0.21446666666666667
}
### optimizeSurvey: dataOptimizeSurvey.py --completeness /workspace/yields/CompareModelVariants/variants/skyThroughputConstant/completeness.npz --mission-parameters /workspace/yields/CompareModelVariants/variants/skyThroughputConstant/missionParameters.json --calibration-json /workspace/yields/calibrateToStark/calibration.json --box canonical --processes 2 --out-survey /workspace/yields/CompareModelVariants/variants/skyThroughputConstant/surveyResult.json
{
  "sBox": "canonical",
  "iStarsAvailable": 1500,
  "fThroughputCalibration": 1.0,
  "fEtaEarthBaseline": 0.24,
  "iExozodiDraws": 200,
  "sBaselineNote": "fYieldBaseline and fYieldPlanningBaseline are means over the exozodi draws (albedo-drawn and planning albedo respectively); the fixed-exozodi survey is reported separately.",
  "fYieldPlanningFixedExozodi": 16.885759999999998,
  "fYieldFixedExozodi": 16.38376,
  "iStarsUsedFixedExozodi": 146,
  "fYieldBaseline": 14.793529854506225,
  "fYieldPlanningBaseline": 15.153949931989255,
  "iStarsUsedBaseline": 135,
  "fTimeUsedFractionBaseline": 0.9997368008375238,
  "listEtaScan": [
    {
      "fEtaEarth": 0.02,
      "fYield": 1.262531910059397,
      "fYieldPlanning": 1.2802146781447659,
      "fStarsUsed": 141.115
    },
    {
      "fEtaEarth": 0.06,
      "fYield": 3.7766386715784814,
      "fYieldPlanning": 3.83513969638988,
      "fStarsUsed": 140.495
    },
    {
      "fEtaEarth": 0.12,
      "fYield": 7.512204805177604,
      "fYieldPlanning": 7.6490331789903685,
      "fStarsUsed": 139.01
    },
    {
      "fEtaEarth": 0.24,
      "fYield": 14.793529854506225,
      "fYieldPlanning": 15.153949931989255,
      "fStarsUsed": 134.645
    },
    {
      "fEtaEarth": 0.4,
      "fYield": 23.87606195956627,
      "fYieldPlanning": 24.538514101679816,
      "fStarsUsed": 125.045
    },
    {
      "fEtaEarth": 0.6,
      "fYield": 33.80306162448018,
      "fYieldPlanning": 34.5189608302306,
      "fStarsUsed": 108.035
    }
  ]
}
{
  "fYieldPlanningDrawnMean": 15.153949931989255,
  "fYieldPlanningDrawnStd": 0.6339224049983192,
  "fYieldDrawnMean": 14.793529854506225,
  "fYieldDrawnStd": 0.6009218529249036,
  "fStarsUsedDrawnMean": 134.645,
  "fExozodiPenalty": 0.10256038626693398,
  "fAlbedoPenalty": 0.023783903147403196,
  "iRepresentativeDraw": 152
}
### predictRedefinedYield: dataPredictRedefinedYield.py --completeness /workspace/yields/CompareModelVariants/variants/skyThroughputConstant/completeness.npz --occurrence-posterior /workspace/yields/sampleOccurrencePosterior/occurrencePosterior.npz --mission-parameters /workspace/yields/CompareModelVariants/variants/skyThroughputConstant/missionParameters.json --calibration-json /workspace/yields/calibrateToStark/calibration.json --processes 2 --out-prediction /workspace/yields/CompareModelVariants/variants/skyThroughputConstant/yieldPrediction.json --out-samples /workspace/yields/CompareModelVariants/variants/skyThroughputConstant/yieldSamples.npz
{
  "dictYieldRatio": {
    "fMedian": 0.22254143056819503,
    "fP16": 0.20265193871168122,
    "fP84": 0.24633758569285472,
    "fOccurrenceRatioMedian": 0.20419311247330102
  },
  "dictByBox": {
    "canonical": {
      "fMeanExpected": 19.143729965614888,
      "fMedianExpected": 15.731429229870713,
      "fP16Expected": 7.597298735735014,
      "fP84Expected": 30.972978119370058,
      "fP05Expected": 4.55602258503713,
      "fP95Expected": 46.50725724844862,
      "fProbabilityAtLeastGoal": 0.268125,
      "fProbabilityAtLeastOne": 0.9967361111111112
    },
    "redefined": {
      "fMeanExpected": 4.585568523442942,
      "fMedianExpected": 3.4395966481135414,
      "fP16Expected": 1.630048388784465,
      "fP84Expected": 7.255880095325569,
      "fP05Expected": 0.9665874642333049,
      "fP95Expected": 12.006584579314755,
      "fProbabilityAtLeastGoal": 0.006527777777777778,
      "fProbabilityAtLeastOne": 0.9113194444444445
    }
  }
}
