{"sName": "* psi Cap", "fDistancePc": 14.626, "fLuminosityLsun": 3.724, "fCompletenessPublished": 0.743, "fCompletenessAllocated": 0.481, "fCompletenessMaxReachable": 0.546, "fCompletenessMaxDetectionOnly": 0.77, "fCounted": 0.546, "fLostDetection": 0.23, "fLostCharacterizationOnly": 0.224, "fMedianCharDaysOfDetectable": 38.529, "fBenefitOverMarginalRate": null}
{"sName": "* tet UMa", "fDistancePc": 13.531, "fLuminosityLsun": 7.9, "fCompletenessPublished": 0.331, "fCompletenessAllocated": 0.353, "fCompletenessMaxReachable": 0.377, "fCompletenessMaxDetectionOnly": 0.381, "fCounted": 0.377, "fLostDetection": 0.619, "fLostCharacterizationOnly": 0.004, "fMedianCharDaysOfDetectable": 9.891, "fBenefitOverMarginalRate": 3.075}
{"sName": "* gam Vir", "fDistancePc": 12.024, "fLuminosityLsun": 4.552, "fCompletenessPublished": 0.728, "fCompletenessAllocated": 0.653, "fCompletenessMaxReachable": 0.673, "fCompletenessMaxDetectionOnly": 0.681, "fCounted": 0.673, "fLostDetection": 0.319, "fLostCharacterizationOnly": 0.009, "fMedianCharDaysOfDetectable": 13.65, "fBenefitOverMarginalRate": null}
{"sName": "* iot Peg", "fDistancePc": 11.901, "fLuminosityLsun": 3.571, "fCompletenessPublished": 0.826, "fCompletenessAllocated": 0.714, "fCompletenessMaxReachable": 0.778, "fCompletenessMaxDetectionOnly": 0.795, "fCounted": 0.778, "fLostDetection": 0.205, "fLostCharacterizationOnly": 0.017, "fMedianCharDaysOfDetectable": 14.367, "fBenefitOverMarginalRate": null}
{"sName": "* del Aql", "fDistancePc": 15.373, "fLuminosityLsun": 8.261, "fCompletenessPublished": 0.52, "fCompletenessAllocated": 0.297, "fCompletenessMaxReachable": 0.333, "fCompletenessMaxDetectionOnly": 0.347, "fCounted": 0.333, "fLostDetection": 0.653, "fLostCharacterizationOnly": 0.014, "fMedianCharDaysOfDetectable": 20.982, "fBenefitOverMarginalRate": null}
{"sName": "* gam Ser", "fDistancePc": 11.159, "fLuminosityLsun": 2.964, "fCompletenessPublished": 0.682, "fCompletenessAllocated": 0.779, "fCompletenessMaxReachable": 0.839, "fCompletenessMaxDetectionOnly": 0.85, "fCounted": 0.839, "fLostDetection": 0.15, "fLostCharacterizationOnly": 0.01, "fMedianCharDaysOfDetectable": 11.372, "fBenefitOverMarginalRate": 4.458}
{"sName": "* gam Ser", "fDistancePc": 11.159, "fLuminosityLsun": 2.964, "fCompletenessPublished": 0.87, "fCompletenessAllocated": 0.779, "fCompletenessMaxReachable": 0.839, "fCompletenessMaxDetectionOnly": 0.85, "fCounted": 0.839, "fLostDetection": 0.15, "fLostCharacterizationOnly": 0.01, "fMedianCharDaysOfDetectable": 11.372, "fBenefitOverMarginalRate": null}
{"sName": "* tet Boo", "fDistancePc": 14.474, "fLuminosityLsun": 4.179, "fCompletenessPublished": 0.747, "fCompletenessAllocated": 0.546, "fCompletenessMaxReachable": 0.616, "fCompletenessMaxDetectionOnly": 0.722, "fCounted": 0.616, "fLostDetection": 0.278, "fLostCharacterizationOnly": 0.106, "fMedianCharDaysOfDetectable": 28.708, "fBenefitOverMarginalRate": null}
{"sName": "* gam Pav", "fDistancePc": 9.255, "fLuminosityLsun": 1.461, "fCompletenessPublished": 0.955, "fCompletenessAllocated": 0.903, "fCompletenessMaxReachable": 0.972, "fCompletenessMaxDetectionOnly": 0.984, "fCounted": 0.972, "fLostDetection": 0.016, "fLostCharacterizationOnly": 0.012, "fMedianCharDaysOfDetectable": 7.38, "fBenefitOverMarginalRate": 3.392}
{"sName": "* alf Crv", "fDistancePc": 14.968, "fLuminosityLsun": 4.34, "fCompletenessPublished": 0.599, "fCompletenessAllocated": 0.409, "fCompletenessMaxReachable": 0.468, "fCompletenessMaxDetectionOnly": 0.691, "fCounted": 0.468, "fLostDetection": 0.309, "fLostCharacterizationOnly": 0.223, "fMedianCharDaysOfDetectable": 41.964, "fBenefitOverMarginalRate": null}
{"sName": "*  10 UMa", "fDistancePc": 18.793, "fLuminosityLsun": 6.728, "fCompletenessPublished": 0.501, "fCompletenessAllocated": 0.151, "fCompletenessMaxReachable": 0.244, "fCompletenessMaxDetectionOnly": 0.47, "fCounted": 0.244, "fLostDetection": 0.53, "fLostCharacterizationOnly": 0.226, "fMedianCharDaysOfDetectable": 58.845, "fBenefitOverMarginalRate": null}
{"sName": "* g Lup", "fDistancePc": 17.393, "fLuminosityLsun": 3.333, "fCompletenessPublished": 0.747, "fCompletenessAllocated": 0.114, "fCompletenessMaxReachable": 0.188, "fCompletenessMaxDetectionOnly": 0.814, "fCounted": 0.188, "fLostDetection": 0.186, "fLostCharacterizationOnly": 0.626, "fMedianCharDaysOfDetectable": 111.412, "fBenefitOverMarginalRate": null}
{"sName": "* g Lup", "fDistancePc": 17.393, "fLuminosityLsun": 3.333, "fCompletenessPublished": 0.633, "fCompletenessAllocated": 0.114, "fCompletenessMaxReachable": 0.188, "fCompletenessMaxDetectionOnly": 0.814, "fCounted": 0.188, "fLostDetection": 0.186, "fLostCharacterizationOnly": 0.626, "fMedianCharDaysOfDetectable": 111.412, "fBenefitOverMarginalRate": null}
{"sName": "* lam Aur", "fDistancePc": 12.557, "fLuminosityLsun": 1.785, "fCompletenessPublished": 0.743, "fCompletenessAllocated": 0.66, "fCompletenessMaxReachable": 0.743, "fCompletenessMaxDetectionOnly": 0.968, "fCounted": 0.743, "fLostDetection": 0.032, "fLostCharacterizationOnly": 0.225, "fMedianCharDaysOfDetectable": 28.461, "fBenefitOverMarginalRate": null}
{"sName": "* alf Men", "fDistancePc": 10.212, "fLuminosityLsun": 0.866, "fCompletenessPublished": 0.972, "fCompletenessAllocated": 0.826, "fCompletenessMaxReachable": 0.897, "fCompletenessMaxDetectionOnly": 0.997, "fCounted": 0.897, "fLostDetection": 0.003, "fLostCharacterizationOnly": 0.1, "fMedianCharDaysOfDetectable": 16.39, "fBenefitOverMarginalRate": null}
{"sName": "* lam Aur", "fDistancePc": 12.557, "fLuminosityLsun": 1.785, "fCompletenessPublished": 0.904, "fCompletenessAllocated": 0.66, "fCompletenessMaxReachable": 0.743, "fCompletenessMaxDetectionOnly": 0.968, "fCounted": 0.743, "fLostDetection": 0.032, "fLostCharacterizationOnly": 0.225, "fMedianCharDaysOfDetectable": 28.461, "fBenefitOverMarginalRate": null}
{"sName": "* tau01 Hya", "fDistancePc": 18.236, "fLuminosityLsun": 4.049, "fCompletenessPublished": 0.342, "fCompletenessAllocated": 0.162, "fCompletenessMaxReachable": 0.284, "fCompletenessMaxDetectionOnly": 0.741, "fCounted": 0.284, "fLostDetection": 0.259, "fLostCharacterizationOnly": 0.458, "fMedianCharDaysOfDetectable": 74.937, "fBenefitOverMarginalRate": null}
{"sName": "HD 114613", "fDistancePc": 20.446, "fLuminosityLsun": 4.291, "fCompletenessPublished": 0.448, "fCompletenessAllocated": 0.0, "fCompletenessMaxReachable": 0.066, "fCompletenessMaxDetectionOnly": 0.702, "fCounted": 0.066, "fLostDetection": 0.298, "fLostCharacterizationOnly": 0.636, "fMedianCharDaysOfDetectable": 149.615, "fBenefitOverMarginalRate": null}
{"sName": "*  47 UMa", "fDistancePc": 13.881, "fLuminosityLsun": 1.596, "fCompletenessPublished": 0.83, "fCompletenessAllocated": 0.406, "fCompletenessMaxReachable": 0.504, "fCompletenessMaxDetectionOnly": 0.972, "fCounted": 0.504, "fLostDetection": 0.028, "fLostCharacterizationOnly": 0.467, "fMedianCharDaysOfDetectable": 57.026, "fBenefitOverMarginalRate": null}
{"sName": "*  36 UMa", "fDistancePc": 12.942, "fLuminosityLsun": 1.627, "fCompletenessPublished": 0.847, "fCompletenessAllocated": 0.569, "fCompletenessMaxReachable": 0.643, "fCompletenessMaxDetectionOnly": 0.978, "fCounted": 0.643, "fLostDetection": 0.022, "fLostCharacterizationOnly": 0.336, "fMedianCharDaysOfDetectable": 39.414, "fBenefitOverMarginalRate": null}
{"sName": "*  70 Vir", "fDistancePc": 18.091, "fLuminosityLsun": 3.103, "fCompletenessPublished": 0.308, "fCompletenessAllocated": 0.083, "fCompletenessMaxReachable": 0.206, "fCompletenessMaxDetectionOnly": 0.846, "fCounted": 0.206, "fLostDetection": 0.154, "fLostCharacterizationOnly": 0.64, "fMedianCharDaysOfDetectable": 107.014, "fBenefitOverMarginalRate": null}
{"sName": "* nu. Phe", "fDistancePc": 15.255, "fLuminosityLsun": 2.026, "fCompletenessPublished": 0.473, "fCompletenessAllocated": 0.295, "fCompletenessMaxReachable": 0.357, "fCompletenessMaxDetectionOnly": 0.954, "fCounted": 0.357, "fLostDetection": 0.046, "fLostCharacterizationOnly": 0.598, "fMedianCharDaysOfDetectable": 82.329, "fBenefitOverMarginalRate": null}
{"sName": "* b Her", "fDistancePc": 15.764, "fLuminosityLsun": 2.019, "fCompletenessPublished": 0.862, "fCompletenessAllocated": 0.217, "fCompletenessMaxReachable": 0.293, "fCompletenessMaxDetectionOnly": 0.945, "fCounted": 0.293, "fLostDetection": 0.055, "fLostCharacterizationOnly": 0.652, "fMedianCharDaysOfDetectable": 99.993, "fBenefitOverMarginalRate": null}
{"sName": "* c Boo", "fDistancePc": 19.525, "fLuminosityLsun": 3.316, "fCompletenessPublished": 0.369, "fCompletenessAllocated": 0.0, "fCompletenessMaxReachable": 0.022, "fCompletenessMaxDetectionOnly": 0.807, "fCounted": 0.022, "fLostDetection": 0.193, "fLostCharacterizationOnly": 0.785, "fMedianCharDaysOfDetectable": 211.109, "fBenefitOverMarginalRate": null}
{"sName": "HD 147513", "fDistancePc": 12.888, "fLuminosityLsun": 0.998, "fCompletenessPublished": 0.766, "fCompletenessAllocated": 0.386, "fCompletenessMaxReachable": 0.464, "fCompletenessMaxDetectionOnly": 0.997, "fCounted": 0.464, "fLostDetection": 0.003, "fLostCharacterizationOnly": 0.533, "fMedianCharDaysOfDetectable": 66.903, "fBenefitOverMarginalRate": null}
{"sName": "*  15 LMi", "fDistancePc": 18.801, "fLuminosityLsun": 2.768, "fCompletenessPublished": 0.397, "fCompletenessAllocated": 0.0, "fCompletenessMaxReachable": 0.06, "fCompletenessMaxDetectionOnly": 0.863, "fCounted": 0.06, "fLostDetection": 0.137, "fLostCharacterizationOnly": 0.803, "fMedianCharDaysOfDetectable": 182.87, "fBenefitOverMarginalRate": null}
{"sName": "*   9 Pup", "fDistancePc": 16.672, "fLuminosityLsun": 1.951, "fCompletenessPublished": 0.501, "fCompletenessAllocated": 0.095, "fCompletenessMaxReachable": 0.171, "fCompletenessMaxDetectionOnly": 0.947, "fCounted": 0.171, "fLostDetection": 0.053, "fLostCharacterizationOnly": 0.777, "fMedianCharDaysOfDetectable": 141.129, "fBenefitOverMarginalRate": null}
{"sName": "* zet02 Ret", "fDistancePc": 12.039, "fLuminosityLsun": 1.017, "fCompletenessPublished": 0.692, "fCompletenessAllocated": 0.569, "fCompletenessMaxReachable": 0.646, "fCompletenessMaxDetectionOnly": 0.995, "fCounted": 0.646, "fLostDetection": 0.005, "fLostCharacterizationOnly": 0.35, "fMedianCharDaysOfDetectable": 41.403, "fBenefitOverMarginalRate": null}
{"sName": "* e Vir", "fDistancePc": 17.574, "fLuminosityLsun": 2.187, "fCompletenessPublished": 0.51, "fCompletenessAllocated": 0.0, "fCompletenessMaxReachable": 0.095, "fCompletenessMaxDetectionOnly": 0.933, "fCounted": 0.095, "fLostDetection": 0.067, "fLostCharacterizationOnly": 0.838, "fMedianCharDaysOfDetectable": 177.18, "fBenefitOverMarginalRate": null}
{"sName": "* phi02 Cet", "fDistancePc": 15.917, "fLuminosityLsun": 1.791, "fCompletenessPublished": 0.713, "fCompletenessAllocated": 0.113, "fCompletenessMaxReachable": 0.186, "fCompletenessMaxDetectionOnly": 0.968, "fCounted": 0.186, "fLostDetection": 0.032, "fLostCharacterizationOnly": 0.781, "fMedianCharDaysOfDetectable": 133.547, "fBenefitOverMarginalRate": null}
{"sName": "* 171 Pup", "fDistancePc": 15.268, "fLuminosityLsun": 1.575, "fCompletenessPublished": 0.783, "fCompletenessAllocated": 0.213, "fCompletenessMaxReachable": 0.28, "fCompletenessMaxDetectionOnly": 0.975, "fCounted": 0.28, "fLostDetection": 0.025, "fLostCharacterizationOnly": 0.695, "fMedianCharDaysOfDetectable": 106.651, "fBenefitOverMarginalRate": null}
{"sName": "HD 211415", "fDistancePc": 14.064, "fLuminosityLsun": 1.172, "fCompletenessPublished": 0.618, "fCompletenessAllocated": 0.24, "fCompletenessMaxReachable": 0.331, "fCompletenessMaxDetectionOnly": 0.991, "fCounted": 0.331, "fLostDetection": 0.009, "fLostCharacterizationOnly": 0.66, "fMedianCharDaysOfDetectable": 90.116, "fBenefitOverMarginalRate": null}
{"sName": "* psi05 Aur", "fDistancePc": 16.608, "fLuminosityLsun": 1.82, "fCompletenessPublished": 0.393, "fCompletenessAllocated": 0.044, "fCompletenessMaxReachable": 0.121, "fCompletenessMaxDetectionOnly": 0.97, "fCounted": 0.121, "fLostDetection": 0.03, "fLostCharacterizationOnly": 0.849, "fMedianCharDaysOfDetectable": 161.928, "fBenefitOverMarginalRate": null}
{"sName": "HD 211415", "fDistancePc": 14.064, "fLuminosityLsun": 1.172, "fCompletenessPublished": 0.614, "fCompletenessAllocated": 0.24, "fCompletenessMaxReachable": 0.331, "fCompletenessMaxDetectionOnly": 0.991, "fCounted": 0.331, "fLostDetection": 0.009, "fLostCharacterizationOnly": 0.66, "fMedianCharDaysOfDetectable": 90.116, "fBenefitOverMarginalRate": null}
{"sName": "*  54 Psc", "fDistancePc": 11.103, "fLuminosityLsun": 0.529, "fCompletenessPublished": 0.96, "fCompletenessAllocated": 0.475, "fCompletenessMaxReachable": 0.534, "fCompletenessMaxDetectionOnly": 0.999, "fCounted": 0.534, "fLostDetection": 0.001, "fLostCharacterizationOnly": 0.464, "fMedianCharDaysOfDetectable": 55.085, "fBenefitOverMarginalRate": null}
{"sName": "*  54 Psc", "fDistancePc": 11.103, "fLuminosityLsun": 0.529, "fCompletenessPublished": 0.972, "fCompletenessAllocated": 0.475, "fCompletenessMaxReachable": 0.534, "fCompletenessMaxDetectionOnly": 0.999, "fCounted": 0.534, "fLostDetection": 0.001, "fLostCharacterizationOnly": 0.464, "fMedianCharDaysOfDetectable": 55.085, "fBenefitOverMarginalRate": null}
{"sName": "*  85 Peg", "fDistancePc": 12.319, "fLuminosityLsun": 0.674, "fCompletenessPublished": 0.692, "fCompletenessAllocated": 0.317, "fCompletenessMaxReachable": 0.388, "fCompletenessMaxDetectionOnly": 0.997, "fCounted": 0.388, "fLostDetection": 0.003, "fLostCharacterizationOnly": 0.609, "fMedianCharDaysOfDetectable": 80.002, "fBenefitOverMarginalRate": null}
{"sName": "HD 172051", "fDistancePc": 13.022, "fLuminosityLsun": 0.682, "fCompletenessPublished": 0.577, "fCompletenessAllocated": 0.172, "fCompletenessMaxReachable": 0.222, "fCompletenessMaxDetectionOnly": 0.999, "fCounted": 0.222, "fLostDetection": 0.001, "fLostCharacterizationOnly": 0.777, "fMedianCharDaysOfDetectable": 128.892, "fBenefitOverMarginalRate": null}
{"sName": "HD 190360", "fDistancePc": 15.994, "fLuminosityLsun": 1.164, "fCompletenessPublished": 0.524, "fCompletenessAllocated": 0.0, "fCompletenessMaxReachable": 0.022, "fCompletenessMaxDetectionOnly": 0.989, "fCounted": 0.022, "fLostDetection": 0.011, "fLostCharacterizationOnly": 0.968, "fMedianCharDaysOfDetectable": 228.074, "fBenefitOverMarginalRate": null}
{"sName": "HD  17925", "fDistancePc": 10.358, "fLuminosityLsun": 0.401, "fCompletenessPublished": 0.658, "fCompletenessAllocated": 0.488, "fCompletenessMaxReachable": 0.552, "fCompletenessMaxDetectionOnly": 1.0, "fCounted": 0.552, "fLostDetection": 0.0, "fLostCharacterizationOnly": 0.448, "fMedianCharDaysOfDetectable": 51.863, "fBenefitOverMarginalRate": null}
{"sName": "*  54 Psc", "fDistancePc": 11.103, "fLuminosityLsun": 0.529, "fCompletenessPublished": 0.945, "fCompletenessAllocated": 0.475, "fCompletenessMaxReachable": 0.534, "fCompletenessMaxDetectionOnly": 0.999, "fCounted": 0.534, "fLostDetection": 0.001, "fLostCharacterizationOnly": 0.464, "fMedianCharDaysOfDetectable": 55.085, "fBenefitOverMarginalRate": null}
{"sName": "* i Boo", "fDistancePc": 12.947, "fLuminosityLsun": 0.639, "fCompletenessPublished": 0.847, "fCompletenessAllocated": 0.118, "fCompletenessMaxReachable": 0.182, "fCompletenessMaxDetectionOnly": 0.999, "fCounted": 0.182, "fLostDetection": 0.001, "fLostCharacterizationOnly": 0.818, "fMedianCharDaysOfDetectable": 143.281, "fBenefitOverMarginalRate": null}
{"sName": "HD 160346", "fDistancePc": 10.711, "fLuminosityLsun": 0.32, "fCompletenessPublished": 0.771, "fCompletenessAllocated": 0.182, "fCompletenessMaxReachable": 0.268, "fCompletenessMaxDetectionOnly": 0.998, "fCounted": 0.268, "fLostDetection": 0.002, "fLostCharacterizationOnly": 0.731, "fMedianCharDaysOfDetectable": 112.433, "fBenefitOverMarginalRate": null}
{"sName": "HD  72673", "fDistancePc": 12.162, "fLuminosityLsun": 0.403, "fCompletenessPublished": 0.747, "fCompletenessAllocated": 0.0, "fCompletenessMaxReachable": 0.067, "fCompletenessMaxDetectionOnly": 0.999, "fCounted": 0.067, "fLostDetection": 0.001, "fLostCharacterizationOnly": 0.932, "fMedianCharDaysOfDetectable": 209.307, "fBenefitOverMarginalRate": null}
{"sName": "HD    166", "fDistancePc": 13.758, "fLuminosityLsun": 0.646, "fCompletenessPublished": 0.321, "fCompletenessAllocated": 0.0, "fCompletenessMaxReachable": 0.047, "fCompletenessMaxDetectionOnly": 0.999, "fCounted": 0.047, "fLostDetection": 0.001, "fLostCharacterizationOnly": 0.952, "fMedianCharDaysOfDetectable": 217.719, "fBenefitOverMarginalRate": null}
{"sName": "HD  14412", "fDistancePc": 12.832, "fLuminosityLsun": 0.446, "fCompletenessPublished": 0.374, "fCompletenessAllocated": 0.0, "fCompletenessMaxReachable": 0.013, "fCompletenessMaxDetectionOnly": 0.999, "fCounted": 0.013, "fLostDetection": 0.001, "fLostCharacterizationOnly": 0.986, "fMedianCharDaysOfDetectable": 278.782, "fBenefitOverMarginalRate": null}
{
  "iTargets": 46,
  "iCannotReachPublished": 43,
  "iReachableButBelowMarginalRate": 0,
  "iReachableAndAffordable": 3,
  "fMedianBenefitOverMarginalRate": 3.3917763224383424,
  "fMedianPublished": 0.692144373673036,
  "fMedianAllocated": 0.26749999999999996,
  "fMedianMaxReachable": 0.33216666666666667,
  "fMedianLostDetection": 0.03233333333333333,
  "fMedianLostCharacterizationOnly": 0.5651666666666666
}
