{
  "fCalibration": 1.6643025302115202,
  "dictRungs": {
    "fFixedExozodiPlanningAlbedo": 22.702,
    "fFixedExozodiDrawnAlbedo": 20.657,
    "fDrawnExozodiDrawnAlbedo": 20.517,
    "fDrawnExozodiPlanningAlbedo": 22.502
  },
  "dictPublishedRungs": {
    "fBaseline": 22.5,
    "fWithAlbedo": 19.8,
    "fWithExozodi": 17.6
  },
  "dictPenalties": {
    "fAlbedo": 0.0901,
    "fAlbedoPublished": 0.12,
    "fExozodi": 0.0068,
    "fExozodiPublished": 0.1111,
    "fCombined": 0.0962,
    "fCombinedPublished": 0.2178
  },
  "iStarsFixedExozodi": 179,
  "iStarsDrawnExozodi": 175
}
